// Jest Snapshot v1, https://goo.gl/fbAQLP

exports[`Pruebas en <SearchSrcreen />  debe mostrarse con los valores con defencto 1`] = `
<div>
  <h1>
    Search Hero
  </h1>
  <hr />
  <div
    className="row"
  >
    <div
      className="col-5"
    >
      <h4>
        Search Form
      </h4>
      <hr />
      <form
        onSubmit={[Function]}
      >
        <input
          className="form-control"
          name="searchText"
          onChange={[Function]}
          placeholder="Find your hero.."
          type="text"
          value=""
        />
        <button
          className="btn m-1 btn-block btn-outline-primary"
          type="submit"
        >
          Search
        </button>
      </form>
    </div>
    <div
      className="col-8"
    >
      <h4>
        Results
      </h4>
      <hr />
    </div>
  </div>
</div>
`;
